MPLINK 5.09, LINKER
Linker Map File - Created Mon Dec 16 10:44:12 2024

                                 Section Info
                  Section       Type    Address   Location Size(Bytes)
                ---------  ---------  ---------  ---------  ---------
                   .org_0       code   0x000000    program   0x000004
                   .cinit    romdata   0x000004    program   0x000002
                   .org_1       code   0x000008    program   0x000004
                   .org_2       code   0x000018    program   0x0002c8
.config_300001_BUILD/DEFAULT/PRODUCTION/FASE2.O    romdata   0x300001    program   0x000001
.config_300003_BUILD/DEFAULT/PRODUCTION/FASE2.O    romdata   0x300003    program   0x000001
.config_300005_BUILD/DEFAULT/PRODUCTION/FASE2.O    romdata   0x300005    program   0x000001



                              Program Memory Usage 
                               Start         End      
                           ---------   ---------      
                            0x000000    0x000005      
                            0x000008    0x00000b      
                            0x000018    0x0002df      
                            0x300001    0x300001      
                            0x300003    0x300003      
                            0x300005    0x300005      
            725 out of 8472 program addresses used, program memory utilization is 8%



                              Symbols - Sorted by Name
                     Name    Address   Location    Storage File                     
                ---------  ---------  ---------  --------- ---------                
              ACTION_TMR0   0x0000aa    program     static C:\Users\alber\Uni\Compus\Practica 2024-25\S1\F2\Fase2.X\fase2.asm
              ACTIVAR_ACK   0x0000ea    program     static C:\Users\alber\Uni\Compus\Practica 2024-25\S1\F2\Fase2.X\fase2.asm
       ACTIVAR_START_GAME   0x000112    program     static C:\Users\alber\Uni\Compus\Practica 2024-25\S1\F2\Fase2.X\fase2.asm
                  ALTAVEU   0x0000da    program     static C:\Users\alber\Uni\Compus\Practica 2024-25\S1\F2\Fase2.X\fase2.asm
             CARREGA_TMR0   0x00009a    program     static C:\Users\alber\Uni\Compus\Practica 2024-25\S1\F2\Fase2.X\fase2.asm
          COMPROVAR_NOTES   0x0001e6    program     static C:\Users\alber\Uni\Compus\Practica 2024-25\S1\F2\Fase2.X\fase2.asm
               COMPTAR_1S   0x000220    program     static C:\Users\alber\Uni\Compus\Practica 2024-25\S1\F2\Fase2.X\fase2.asm
               COMPTAR_2S   0x000240    program     static C:\Users\alber\Uni\Compus\Practica 2024-25\S1\F2\Fase2.X\fase2.asm
               COMPTAR_3S   0x000260    program     static C:\Users\alber\Uni\Compus\Practica 2024-25\S1\F2\Fase2.X\fase2.asm
            COMPTAR_500MS   0x000200    program     static C:\Users\alber\Uni\Compus\Practica 2024-25\S1\F2\Fase2.X\fase2.asm
        CONFIG_INTERRUPTS   0x00007e    program     static C:\Users\alber\Uni\Compus\Practica 2024-25\S1\F2\Fase2.X\fase2.asm
             CONFIG_PORTS   0x00001a    program     static C:\Users\alber\Uni\Compus\Practica 2024-25\S1\F2\Fase2.X\fase2.asm
               ESPERAR_3S   0x0002b4    program     static C:\Users\alber\Uni\Compus\Practica 2024-25\S1\F2\Fase2.X\fase2.asm
               ESPERA_ACK   0x0000de    program     static C:\Users\alber\Uni\Compus\Practica 2024-25\S1\F2\Fase2.X\fase2.asm
   ESPERA_GENERAR_TRIGGER   0x000272    program     static C:\Users\alber\Uni\Compus\Practica 2024-25\S1\F2\Fase2.X\fase2.asm
          GENERAR_TRIGGER   0x00027e    program     static C:\Users\alber\Uni\Compus\Practica 2024-25\S1\F2\Fase2.X\fase2.asm
         GUARDAR_NOTA_RAM   0x0000f4    program     static C:\Users\alber\Uni\Compus\Practica 2024-25\S1\F2\Fase2.X\fase2.asm
                 HIGH_RSI   0x000118    program     static C:\Users\alber\Uni\Compus\Practica 2024-25\S1\F2\Fase2.X\fase2.asm
            INIT_COMPT_1S   0x000212    program     static C:\Users\alber\Uni\Compus\Practica 2024-25\S1\F2\Fase2.X\fase2.asm
            INIT_COMPT_2S   0x000232    program     static C:\Users\alber\Uni\Compus\Practica 2024-25\S1\F2\Fase2.X\fase2.asm
            INIT_COMPT_3S   0x000252    program     static C:\Users\alber\Uni\Compus\Practica 2024-25\S1\F2\Fase2.X\fase2.asm
         INIT_COMPT_500MS   0x0001f2    program     static C:\Users\alber\Uni\Compus\Practica 2024-25\S1\F2\Fase2.X\fase2.asm
               INIT_PORTS   0x000040    program     static C:\Users\alber\Uni\Compus\Practica 2024-25\S1\F2\Fase2.X\fase2.asm
                INIT_TMR0   0x0000a4    program     static C:\Users\alber\Uni\Compus\Practica 2024-25\S1\F2\Fase2.X\fase2.asm
                INIT_VARS   0x00004a    program     static C:\Users\alber\Uni\Compus\Practica 2024-25\S1\F2\Fase2.X\fase2.asm
                    LED_1   0x0001d4    program     static C:\Users\alber\Uni\Compus\Practica 2024-25\S1\F2\Fase2.X\fase2.asm
                    LED_2   0x0001da    program     static C:\Users\alber\Uni\Compus\Practica 2024-25\S1\F2\Fase2.X\fase2.asm
                    LED_3   0x0001e0    program     static C:\Users\alber\Uni\Compus\Practica 2024-25\S1\F2\Fase2.X\fase2.asm
                     LOOP   0x0002da    program     static C:\Users\alber\Uni\Compus\Practica 2024-25\S1\F2\Fase2.X\fase2.asm
          LOOP_ESPERA_ACK   0x0000e2    program     static C:\Users\alber\Uni\Compus\Practica 2024-25\S1\F2\Fase2.X\fase2.asm
      LOOP_ESPERA_TRIGGER   0x000276    program     static C:\Users\alber\Uni\Compus\Practica 2024-25\S1\F2\Fase2.X\fase2.asm
          LOOP_MOSTRAR_3S   0x0002b4    program     static C:\Users\alber\Uni\Compus\Practica 2024-25\S1\F2\Fase2.X\fase2.asm
          LOOP_START_GAME   0x00028e    program     static C:\Users\alber\Uni\Compus\Practica 2024-25\S1\F2\Fase2.X\fase2.asm
                     MAIN   0x0002be    program     static C:\Users\alber\Uni\Compus\Practica 2024-25\S1\F2\Fase2.X\fase2.asm
             MOSTRAR_LEDS   0x000178    program     static C:\Users\alber\Uni\Compus\Practica 2024-25\S1\F2\Fase2.X\fase2.asm
             MOSTRAR_NOTA   0x00012c    program     static C:\Users\alber\Uni\Compus\Practica 2024-25\S1\F2\Fase2.X\fase2.asm
                 NEW_NOTE   0x000104    program     static C:\Users\alber\Uni\Compus\Practica 2024-25\S1\F2\Fase2.X\fase2.asm
                   NOTA_0   0x0001a4    program     static C:\Users\alber\Uni\Compus\Practica 2024-25\S1\F2\Fase2.X\fase2.asm
                   NOTA_1   0x0001aa    program     static C:\Users\alber\Uni\Compus\Practica 2024-25\S1\F2\Fase2.X\fase2.asm
                   NOTA_2   0x0001b0    program     static C:\Users\alber\Uni\Compus\Practica 2024-25\S1\F2\Fase2.X\fase2.asm
                   NOTA_3   0x0001b6    program     static C:\Users\alber\Uni\Compus\Practica 2024-25\S1\F2\Fase2.X\fase2.asm
                   NOTA_4   0x0001bc    program     static C:\Users\alber\Uni\Compus\Practica 2024-25\S1\F2\Fase2.X\fase2.asm
                   NOTA_5   0x0001c2    program     static C:\Users\alber\Uni\Compus\Practica 2024-25\S1\F2\Fase2.X\fase2.asm
                   NOTA_6   0x0001c8    program     static C:\Users\alber\Uni\Compus\Practica 2024-25\S1\F2\Fase2.X\fase2.asm
                   NOTA_7   0x0001ce    program     static C:\Users\alber\Uni\Compus\Practica 2024-25\S1\F2\Fase2.X\fase2.asm
               PUNTER_RAM   0x00008c    program     static C:\Users\alber\Uni\Compus\Practica 2024-25\S1\F2\Fase2.X\fase2.asm
            RAM_BUIDA_END   0x0002ae    program     static C:\Users\alber\Uni\Compus\Practica 2024-25\S1\F2\Fase2.X\fase2.asm
                    SERVO   0x0000d6    program     static C:\Users\alber\Uni\Compus\Practica 2024-25\S1\F2\Fase2.X\fase2.asm
               START_GAME   0x000288    program     static C:\Users\alber\Uni\Compus\Practica 2024-25\S1\F2\Fase2.X\fase2.asm



                              Symbols - Sorted by Address
                     Name    Address   Location    Storage File                     
                ---------  ---------  ---------  --------- ---------                
             CONFIG_PORTS   0x00001a    program     static C:\Users\alber\Uni\Compus\Practica 2024-25\S1\F2\Fase2.X\fase2.asm
               INIT_PORTS   0x000040    program     static C:\Users\alber\Uni\Compus\Practica 2024-25\S1\F2\Fase2.X\fase2.asm
                INIT_VARS   0x00004a    program     static C:\Users\alber\Uni\Compus\Practica 2024-25\S1\F2\Fase2.X\fase2.asm
        CONFIG_INTERRUPTS   0x00007e    program     static C:\Users\alber\Uni\Compus\Practica 2024-25\S1\F2\Fase2.X\fase2.asm
               PUNTER_RAM   0x00008c    program     static C:\Users\alber\Uni\Compus\Practica 2024-25\S1\F2\Fase2.X\fase2.asm
             CARREGA_TMR0   0x00009a    program     static C:\Users\alber\Uni\Compus\Practica 2024-25\S1\F2\Fase2.X\fase2.asm
                INIT_TMR0   0x0000a4    program     static C:\Users\alber\Uni\Compus\Practica 2024-25\S1\F2\Fase2.X\fase2.asm
              ACTION_TMR0   0x0000aa    program     static C:\Users\alber\Uni\Compus\Practica 2024-25\S1\F2\Fase2.X\fase2.asm
                    SERVO   0x0000d6    program     static C:\Users\alber\Uni\Compus\Practica 2024-25\S1\F2\Fase2.X\fase2.asm
                  ALTAVEU   0x0000da    program     static C:\Users\alber\Uni\Compus\Practica 2024-25\S1\F2\Fase2.X\fase2.asm
               ESPERA_ACK   0x0000de    program     static C:\Users\alber\Uni\Compus\Practica 2024-25\S1\F2\Fase2.X\fase2.asm
          LOOP_ESPERA_ACK   0x0000e2    program     static C:\Users\alber\Uni\Compus\Practica 2024-25\S1\F2\Fase2.X\fase2.asm
              ACTIVAR_ACK   0x0000ea    program     static C:\Users\alber\Uni\Compus\Practica 2024-25\S1\F2\Fase2.X\fase2.asm
         GUARDAR_NOTA_RAM   0x0000f4    program     static C:\Users\alber\Uni\Compus\Practica 2024-25\S1\F2\Fase2.X\fase2.asm
                 NEW_NOTE   0x000104    program     static C:\Users\alber\Uni\Compus\Practica 2024-25\S1\F2\Fase2.X\fase2.asm
       ACTIVAR_START_GAME   0x000112    program     static C:\Users\alber\Uni\Compus\Practica 2024-25\S1\F2\Fase2.X\fase2.asm
                 HIGH_RSI   0x000118    program     static C:\Users\alber\Uni\Compus\Practica 2024-25\S1\F2\Fase2.X\fase2.asm
             MOSTRAR_NOTA   0x00012c    program     static C:\Users\alber\Uni\Compus\Practica 2024-25\S1\F2\Fase2.X\fase2.asm
             MOSTRAR_LEDS   0x000178    program     static C:\Users\alber\Uni\Compus\Practica 2024-25\S1\F2\Fase2.X\fase2.asm
                   NOTA_0   0x0001a4    program     static C:\Users\alber\Uni\Compus\Practica 2024-25\S1\F2\Fase2.X\fase2.asm
                   NOTA_1   0x0001aa    program     static C:\Users\alber\Uni\Compus\Practica 2024-25\S1\F2\Fase2.X\fase2.asm
                   NOTA_2   0x0001b0    program     static C:\Users\alber\Uni\Compus\Practica 2024-25\S1\F2\Fase2.X\fase2.asm
                   NOTA_3   0x0001b6    program     static C:\Users\alber\Uni\Compus\Practica 2024-25\S1\F2\Fase2.X\fase2.asm
                   NOTA_4   0x0001bc    program     static C:\Users\alber\Uni\Compus\Practica 2024-25\S1\F2\Fase2.X\fase2.asm
                   NOTA_5   0x0001c2    program     static C:\Users\alber\Uni\Compus\Practica 2024-25\S1\F2\Fase2.X\fase2.asm
                   NOTA_6   0x0001c8    program     static C:\Users\alber\Uni\Compus\Practica 2024-25\S1\F2\Fase2.X\fase2.asm
                   NOTA_7   0x0001ce    program     static C:\Users\alber\Uni\Compus\Practica 2024-25\S1\F2\Fase2.X\fase2.asm
                    LED_1   0x0001d4    program     static C:\Users\alber\Uni\Compus\Practica 2024-25\S1\F2\Fase2.X\fase2.asm
                    LED_2   0x0001da    program     static C:\Users\alber\Uni\Compus\Practica 2024-25\S1\F2\Fase2.X\fase2.asm
                    LED_3   0x0001e0    program     static C:\Users\alber\Uni\Compus\Practica 2024-25\S1\F2\Fase2.X\fase2.asm
          COMPROVAR_NOTES   0x0001e6    program     static C:\Users\alber\Uni\Compus\Practica 2024-25\S1\F2\Fase2.X\fase2.asm
         INIT_COMPT_500MS   0x0001f2    program     static C:\Users\alber\Uni\Compus\Practica 2024-25\S1\F2\Fase2.X\fase2.asm
            COMPTAR_500MS   0x000200    program     static C:\Users\alber\Uni\Compus\Practica 2024-25\S1\F2\Fase2.X\fase2.asm
            INIT_COMPT_1S   0x000212    program     static C:\Users\alber\Uni\Compus\Practica 2024-25\S1\F2\Fase2.X\fase2.asm
               COMPTAR_1S   0x000220    program     static C:\Users\alber\Uni\Compus\Practica 2024-25\S1\F2\Fase2.X\fase2.asm
            INIT_COMPT_2S   0x000232    program     static C:\Users\alber\Uni\Compus\Practica 2024-25\S1\F2\Fase2.X\fase2.asm
               COMPTAR_2S   0x000240    program     static C:\Users\alber\Uni\Compus\Practica 2024-25\S1\F2\Fase2.X\fase2.asm
            INIT_COMPT_3S   0x000252    program     static C:\Users\alber\Uni\Compus\Practica 2024-25\S1\F2\Fase2.X\fase2.asm
               COMPTAR_3S   0x000260    program     static C:\Users\alber\Uni\Compus\Practica 2024-25\S1\F2\Fase2.X\fase2.asm
   ESPERA_GENERAR_TRIGGER   0x000272    program     static C:\Users\alber\Uni\Compus\Practica 2024-25\S1\F2\Fase2.X\fase2.asm
      LOOP_ESPERA_TRIGGER   0x000276    program     static C:\Users\alber\Uni\Compus\Practica 2024-25\S1\F2\Fase2.X\fase2.asm
          GENERAR_TRIGGER   0x00027e    program     static C:\Users\alber\Uni\Compus\Practica 2024-25\S1\F2\Fase2.X\fase2.asm
               START_GAME   0x000288    program     static C:\Users\alber\Uni\Compus\Practica 2024-25\S1\F2\Fase2.X\fase2.asm
          LOOP_START_GAME   0x00028e    program     static C:\Users\alber\Uni\Compus\Practica 2024-25\S1\F2\Fase2.X\fase2.asm
            RAM_BUIDA_END   0x0002ae    program     static C:\Users\alber\Uni\Compus\Practica 2024-25\S1\F2\Fase2.X\fase2.asm
          LOOP_MOSTRAR_3S   0x0002b4    program     static C:\Users\alber\Uni\Compus\Practica 2024-25\S1\F2\Fase2.X\fase2.asm
               ESPERAR_3S   0x0002b4    program     static C:\Users\alber\Uni\Compus\Practica 2024-25\S1\F2\Fase2.X\fase2.asm
                     MAIN   0x0002be    program     static C:\Users\alber\Uni\Compus\Practica 2024-25\S1\F2\Fase2.X\fase2.asm
                     LOOP   0x0002da    program     static C:\Users\alber\Uni\Compus\Practica 2024-25\S1\F2\Fase2.X\fase2.asm


